{
  "name": "agents_preference_expected",
  "version": "2",
  "isometric": true,
  "ceilingMaterial": null,
  "floorMaterial": "Custom/Materials/White",
  "wallMaterial": "Custom/Materials/Black",
  "performerStart": {
    "position": {
      "x": 0,
      "y": 0,
      "z": 0
    },
    "rotation": {
      "x": 0,
      "y": 0,
      "z": 0
    }
  },
  "objects": [
    {
      "id": "agent",
      "type": "cylinder",
      "materials": ["Custom/Materials/Red"],
      "shows": [
        {
          "stepBegin": 0,
          "position": {
            "x": -1.5499999999999998,
            "y": 0.25,
            "z": -0.2250000000000001
          },
          "scale": {
            "x": 0.25,
            "y": 0.25,
            "z": 0.25
          }
        },
        {
          "stepBegin": 3,
          "position": {
            "x": -1.525,
            "y": 0.25,
            "z": -0.2250000000000001
          }
        },
        {
          "stepBegin": 4,
          "position": {
            "x": -1.425,
            "y": 0.25,
            "z": -0.2749999999999999
          }
        },
        {
          "stepBegin": 5,
          "position": {
            "x": -1.325,
            "y": 0.25,
            "z": -0.32499999999999973
          }
        },
        {
          "stepBegin": 6,
          "position": {
            "x": -1.2249999999999999,
            "y": 0.25,
            "z": -0.375
          }
        },
        {
          "stepBegin": 7,
          "position": {
            "x": -1.125,
            "y": 0.25,
            "z": -0.3999999999999999
          }
        },
        {
          "stepBegin": 8,
          "position": {
            "x": -1.025,
            "y": 0.25,
            "z": -0.44999999999999973
          }
        },
        {
          "stepBegin": 9,
          "position": {
            "x": -0.9249999999999998,
            "y": 0.25,
            "z": -0.5
          }
        },
        {
          "stepBegin": 10,
          "position": {
            "x": -0.825,
            "y": 0.25,
            "z": -0.5499999999999998
          }
        },
        {
          "stepBegin": 11,
          "position": {
            "x": -0.7249999999999999,
            "y": 0.25,
            "z": -0.5999999999999999
          }
        },
        {
          "stepBegin": 12,
          "position": {
            "x": -0.625,
            "y": 0.25,
            "z": -0.625
          }
        },
        {
          "stepBegin": 13,
          "position": {
            "x": -0.5249999999999999,
            "y": 0.25,
            "z": -0.6749999999999998
          }
        },
        {
          "stepBegin": 14,
          "position": {
            "x": -0.4750000000000001,
            "y": 0.25,
            "z": -0.7
          }
        },
        {
          "stepBegin": 18,
          "position": {
            "x": -1.5499999999999998,
            "y": 0.25,
            "z": -0.2250000000000001
          }
        },
        {
          "stepBegin": 21,
          "position": {
            "x": -1.525,
            "y": 0.25,
            "z": -0.2250000000000001
          }
        },
        {
          "stepBegin": 22,
          "position": {
            "x": -1.425,
            "y": 0.25,
            "z": -0.2749999999999999
          }
        },
        {
          "stepBegin": 23,
          "position": {
            "x": -1.325,
            "y": 0.25,
            "z": -0.32499999999999973
          }
        },
        {
          "stepBegin": 24,
          "position": {
            "x": -1.2249999999999999,
            "y": 0.25,
            "z": -0.375
          }
        },
        {
          "stepBegin": 25,
          "position": {
            "x": -1.125,
            "y": 0.25,
            "z": -0.4249999999999998
          }
        },
        {
          "stepBegin": 26,
          "position": {
            "x": -1.025,
            "y": 0.25,
            "z": -0.44999999999999973
          }
        },
        {
          "stepBegin": 27,
          "position": {
            "x": -0.9249999999999998,
            "y": 0.25,
            "z": -0.5
          }
        },
        {
          "stepBegin": 28,
          "position": {
            "x": -0.825,
            "y": 0.25,
            "z": -0.5499999999999998
          }
        },
        {
          "stepBegin": 29,
          "position": {
            "x": -0.7249999999999999,
            "y": 0.25,
            "z": -0.5999999999999999
          }
        },
        {
          "stepBegin": 30,
          "position": {
            "x": -0.625,
            "y": 0.25,
            "z": -0.625
          }
        },
        {
          "stepBegin": 31,
          "position": {
            "x": -0.5249999999999999,
            "y": 0.25,
            "z": -0.6749999999999998
          }
        },
        {
          "stepBegin": 32,
          "position": {
            "x": -0.4249999999999998,
            "y": 0.25,
            "z": -0.7249999999999999
          }
        },
        {
          "stepBegin": 33,
          "position": {
            "x": -0.32499999999999973,
            "y": 0.25,
            "z": -0.7749999999999999
          }
        },
        {
          "stepBegin": 38,
          "position": {
            "x": -1.5499999999999998,
            "y": 0.25,
            "z": -0.2250000000000001
          }
        },
        {
          "stepBegin": 41,
          "position": {
            "x": -1.525,
            "y": 0.25,
            "z": -0.2250000000000001
          }
        },
        {
          "stepBegin": 42,
          "position": {
            "x": -1.425,
            "y": 0.25,
            "z": -0.2749999999999999
          }
        },
        {
          "stepBegin": 43,
          "position": {
            "x": -1.325,
            "y": 0.25,
            "z": -0.32499999999999973
          }
        },
        {
          "stepBegin": 44,
          "position": {
            "x": -1.2249999999999999,
            "y": 0.25,
            "z": -0.375
          }
        },
        {
          "stepBegin": 45,
          "position": {
            "x": -1.125,
            "y": 0.25,
            "z": -0.4249999999999998
          }
        },
        {
          "stepBegin": 46,
          "position": {
            "x": -1.025,
            "y": 0.25,
            "z": -0.44999999999999973
          }
        },
        {
          "stepBegin": 47,
          "position": {
            "x": -0.9249999999999998,
            "y": 0.25,
            "z": -0.5
          }
        },
        {
          "stepBegin": 48,
          "position": {
            "x": -0.825,
            "y": 0.25,
            "z": -0.5499999999999998
          }
        },
        {
          "stepBegin": 49,
          "position": {
            "x": -0.7249999999999999,
            "y": 0.25,
            "z": -0.5999999999999999
          }
        },
        {
          "stepBegin": 50,
          "position": {
            "x": -0.625,
            "y": 0.25,
            "z": -0.625
          }
        },
        {
          "stepBegin": 51,
          "position": {
            "x": -0.5249999999999999,
            "y": 0.25,
            "z": -0.6749999999999998
          }
        },
        {
          "stepBegin": 52,
          "position": {
            "x": -0.4249999999999998,
            "y": 0.25,
            "z": -0.7249999999999999
          }
        },
        {
          "stepBegin": 53,
          "position": {
            "x": -0.32499999999999973,
            "y": 0.25,
            "z": -0.7749999999999999
          }
        },
        {
          "stepBegin": 54,
          "position": {
            "x": -0.25,
            "y": 0.25,
            "z": -0.7999999999999998
          }
        },
        {
          "stepBegin": 55,
          "position": {
            "x": -0.1499999999999999,
            "y": 0.25,
            "z": -0.7999999999999998
          }
        },
        {
          "stepBegin": 56,
          "position": {
            "x": -0.04999999999999982,
            "y": 0.25,
            "z": -0.825
          }
        },
        {
          "stepBegin": 61,
          "position": {
            "x": -1.5499999999999998,
            "y": 0.25,
            "z": -0.2250000000000001
          }
        },
        {
          "stepBegin": 64,
          "position": {
            "x": -1.525,
            "y": 0.25,
            "z": -0.2250000000000001
          }
        },
        {
          "stepBegin": 65,
          "position": {
            "x": -1.425,
            "y": 0.25,
            "z": -0.2749999999999999
          }
        },
        {
          "stepBegin": 66,
          "position": {
            "x": -1.325,
            "y": 0.25,
            "z": -0.32499999999999973
          }
        },
        {
          "stepBegin": 67,
          "position": {
            "x": -1.2249999999999999,
            "y": 0.25,
            "z": -0.375
          }
        },
        {
          "stepBegin": 68,
          "position": {
            "x": -1.125,
            "y": 0.25,
            "z": -0.4249999999999998
          }
        },
        {
          "stepBegin": 69,
          "position": {
            "x": -1.025,
            "y": 0.25,
            "z": -0.44999999999999973
          }
        },
        {
          "stepBegin": 70,
          "position": {
            "x": -0.9249999999999998,
            "y": 0.25,
            "z": -0.5
          }
        },
        {
          "stepBegin": 71,
          "position": {
            "x": -0.825,
            "y": 0.25,
            "z": -0.5499999999999998
          }
        },
        {
          "stepBegin": 72,
          "position": {
            "x": -0.7249999999999999,
            "y": 0.25,
            "z": -0.5999999999999999
          }
        },
        {
          "stepBegin": 73,
          "position": {
            "x": -0.625,
            "y": 0.25,
            "z": -0.625
          }
        },
        {
          "stepBegin": 74,
          "position": {
            "x": -0.5249999999999999,
            "y": 0.25,
            "z": -0.6749999999999998
          }
        },
        {
          "stepBegin": 75,
          "position": {
            "x": -0.4249999999999998,
            "y": 0.25,
            "z": -0.7249999999999999
          }
        },
        {
          "stepBegin": 76,
          "position": {
            "x": -0.32499999999999973,
            "y": 0.25,
            "z": -0.7749999999999999
          }
        },
        {
          "stepBegin": 77,
          "position": {
            "x": -0.2250000000000001,
            "y": 0.25,
            "z": -0.825
          }
        },
        {
          "stepBegin": 78,
          "position": {
            "x": -0.1499999999999999,
            "y": 0.25,
            "z": -0.825
          }
        },
        {
          "stepBegin": 79,
          "position": {
            "x": -0.04999999999999982,
            "y": 0.25,
            "z": -0.8499999999999999
          }
        },
        {
          "stepBegin": 80,
          "position": {
            "x": 0.050000000000000266,
            "y": 0.25,
            "z": -0.8499999999999999
          }
        },
        {
          "stepBegin": 81,
          "position": {
            "x": 0.15000000000000036,
            "y": 0.25,
            "z": -0.875
          }
        },
        {
          "stepBegin": 82,
          "position": {
            "x": 0.20000000000000018,
            "y": 0.25,
            "z": -0.875
          }
        },
        {
          "stepBegin": 86,
          "position": {
            "x": -1.5499999999999998,
            "y": 0.25,
            "z": -0.2250000000000001
          }
        },
        {
          "stepBegin": 89,
          "position": {
            "x": -1.525,
            "y": 0.25,
            "z": -0.2250000000000001
          }
        },
        {
          "stepBegin": 90,
          "position": {
            "x": -1.425,
            "y": 0.25,
            "z": -0.2749999999999999
          }
        },
        {
          "stepBegin": 91,
          "position": {
            "x": -1.325,
            "y": 0.25,
            "z": -0.32499999999999973
          }
        },
        {
          "stepBegin": 92,
          "position": {
            "x": -1.2249999999999999,
            "y": 0.25,
            "z": -0.375
          }
        },
        {
          "stepBegin": 93,
          "position": {
            "x": -1.125,
            "y": 0.25,
            "z": -0.3999999999999999
          }
        },
        {
          "stepBegin": 94,
          "position": {
            "x": -1.025,
            "y": 0.25,
            "z": -0.44999999999999973
          }
        },
        {
          "stepBegin": 95,
          "position": {
            "x": -0.9249999999999998,
            "y": 0.25,
            "z": -0.5
          }
        },
        {
          "stepBegin": 96,
          "position": {
            "x": -0.825,
            "y": 0.25,
            "z": -0.5499999999999998
          }
        },
        {
          "stepBegin": 97,
          "position": {
            "x": -0.7249999999999999,
            "y": 0.25,
            "z": -0.5999999999999999
          }
        },
        {
          "stepBegin": 98,
          "position": {
            "x": -0.625,
            "y": 0.25,
            "z": -0.625
          }
        },
        {
          "stepBegin": 99,
          "position": {
            "x": -0.5249999999999999,
            "y": 0.25,
            "z": -0.6749999999999998
          }
        },
        {
          "stepBegin": 104,
          "position": {
            "x": -1.5499999999999998,
            "y": 0.25,
            "z": -0.2250000000000001
          }
        },
        {
          "stepBegin": 107,
          "position": {
            "x": -1.525,
            "y": 0.25,
            "z": -0.2250000000000001
          }
        },
        {
          "stepBegin": 108,
          "position": {
            "x": -1.425,
            "y": 0.25,
            "z": -0.2749999999999999
          }
        },
        {
          "stepBegin": 109,
          "position": {
            "x": -1.325,
            "y": 0.25,
            "z": -0.32499999999999973
          }
        },
        {
          "stepBegin": 110,
          "position": {
            "x": -1.2249999999999999,
            "y": 0.25,
            "z": -0.375
          }
        },
        {
          "stepBegin": 111,
          "position": {
            "x": -1.125,
            "y": 0.25,
            "z": -0.4249999999999998
          }
        },
        {
          "stepBegin": 112,
          "position": {
            "x": -1.025,
            "y": 0.25,
            "z": -0.44999999999999973
          }
        },
        {
          "stepBegin": 113,
          "position": {
            "x": -0.9249999999999998,
            "y": 0.25,
            "z": -0.5
          }
        },
        {
          "stepBegin": 114,
          "position": {
            "x": -0.825,
            "y": 0.25,
            "z": -0.5499999999999998
          }
        },
        {
          "stepBegin": 115,
          "position": {
            "x": -0.7249999999999999,
            "y": 0.25,
            "z": -0.5999999999999999
          }
        },
        {
          "stepBegin": 116,
          "position": {
            "x": -0.625,
            "y": 0.25,
            "z": -0.625
          }
        },
        {
          "stepBegin": 117,
          "position": {
            "x": -0.5249999999999999,
            "y": 0.25,
            "z": -0.6749999999999998
          }
        },
        {
          "stepBegin": 118,
          "position": {
            "x": -0.4249999999999998,
            "y": 0.25,
            "z": -0.7249999999999999
          }
        },
        {
          "stepBegin": 119,
          "position": {
            "x": -0.32499999999999973,
            "y": 0.25,
            "z": -0.7749999999999999
          }
        },
        {
          "stepBegin": 120,
          "position": {
            "x": -0.25,
            "y": 0.25,
            "z": -0.7999999999999998
          }
        },
        {
          "stepBegin": 121,
          "position": {
            "x": -0.1499999999999999,
            "y": 0.25,
            "z": -0.7999999999999998
          }
        },
        {
          "stepBegin": 122,
          "position": {
            "x": -0.04999999999999982,
            "y": 0.25,
            "z": -0.7749999999999999
          }
        },
        {
          "stepBegin": 123,
          "position": {
            "x": 0.050000000000000266,
            "y": 0.25,
            "z": -0.7749999999999999
          }
        },
        {
          "stepBegin": 124,
          "position": {
            "x": 0.15000000000000036,
            "y": 0.25,
            "z": -0.7749999999999999
          }
        },
        {
          "stepBegin": 125,
          "position": {
            "x": 0.25,
            "y": 0.25,
            "z": -0.75
          }
        },
        {
          "stepBegin": 126,
          "position": {
            "x": 0.30000000000000027,
            "y": 0.25,
            "z": -0.75
          }
        },
        {
          "stepBegin": 130,
          "position": {
            "x": -1.5499999999999998,
            "y": 0.25,
            "z": -0.2250000000000001
          }
        },
        {
          "stepBegin": 133,
          "position": {
            "x": -1.525,
            "y": 0.25,
            "z": -0.2250000000000001
          }
        },
        {
          "stepBegin": 134,
          "position": {
            "x": -1.425,
            "y": 0.25,
            "z": -0.2749999999999999
          }
        },
        {
          "stepBegin": 135,
          "position": {
            "x": -1.325,
            "y": 0.25,
            "z": -0.32499999999999973
          }
        },
        {
          "stepBegin": 136,
          "position": {
            "x": -1.2249999999999999,
            "y": 0.25,
            "z": -0.375
          }
        },
        {
          "stepBegin": 137,
          "position": {
            "x": -1.125,
            "y": 0.25,
            "z": -0.3999999999999999
          }
        },
        {
          "stepBegin": 138,
          "position": {
            "x": -1.025,
            "y": 0.25,
            "z": -0.44999999999999973
          }
        },
        {
          "stepBegin": 139,
          "position": {
            "x": -0.9249999999999998,
            "y": 0.25,
            "z": -0.5
          }
        },
        {
          "stepBegin": 140,
          "position": {
            "x": -0.825,
            "y": 0.25,
            "z": -0.5499999999999998
          }
        },
        {
          "stepBegin": 141,
          "position": {
            "x": -0.7249999999999999,
            "y": 0.25,
            "z": -0.5999999999999999
          }
        },
        {
          "stepBegin": 142,
          "position": {
            "x": -0.625,
            "y": 0.25,
            "z": -0.625
          }
        },
        {
          "stepBegin": 143,
          "position": {
            "x": -0.5249999999999999,
            "y": 0.25,
            "z": -0.6749999999999998
          }
        },
        {
          "stepBegin": 144,
          "position": {
            "x": -0.4249999999999998,
            "y": 0.25,
            "z": -0.7249999999999999
          }
        },
        {
          "stepBegin": 145,
          "position": {
            "x": -0.32499999999999973,
            "y": 0.25,
            "z": -0.7749999999999999
          }
        },
        {
          "stepBegin": 146,
          "position": {
            "x": -0.2749999999999999,
            "y": 0.25,
            "z": -0.825
          }
        },
        {
          "stepBegin": 147,
          "position": {
            "x": -0.2749999999999999,
            "y": 0.25,
            "z": -0.8999999999999999
          }
        },
        {
          "stepBegin": 148,
          "position": {
            "x": -0.25,
            "y": 0.25,
            "z": -0.95
          }
        },
        {
          "stepBegin": 152,
          "position": {
            "x": -1.5499999999999998,
            "y": 0.25,
            "z": -0.2250000000000001
          }
        },
        {
          "stepBegin": 155,
          "position": {
            "x": -1.525,
            "y": 0.25,
            "z": -0.2250000000000001
          }
        },
        {
          "stepBegin": 156,
          "position": {
            "x": -1.425,
            "y": 0.25,
            "z": -0.2250000000000001
          }
        },
        {
          "stepBegin": 157,
          "position": {
            "x": -1.325,
            "y": 0.25,
            "z": -0.2250000000000001
          }
        },
        {
          "stepBegin": 158,
          "position": {
            "x": -1.2249999999999999,
            "y": 0.25,
            "z": -0.25
          }
        },
        {
          "stepBegin": 159,
          "position": {
            "x": -1.125,
            "y": 0.25,
            "z": -0.25
          }
        },
        {
          "stepBegin": 160,
          "position": {
            "x": -1.025,
            "y": 0.25,
            "z": -0.25
          }
        },
        {
          "stepBegin": 161,
          "position": {
            "x": -0.9249999999999998,
            "y": 0.25,
            "z": -0.25
          }
        },
        {
          "stepBegin": 162,
          "position": {
            "x": -0.825,
            "y": 0.25,
            "z": -0.25
          }
        },
        {
          "stepBegin": 163,
          "position": {
            "x": -0.7249999999999999,
            "y": 0.25,
            "z": -0.2749999999999999
          }
        },
        {
          "stepBegin": 164,
          "position": {
            "x": -0.625,
            "y": 0.25,
            "z": -0.2749999999999999
          }
        },
        {
          "stepBegin": 165,
          "position": {
            "x": -0.5249999999999999,
            "y": 0.25,
            "z": -0.2749999999999999
          }
        },
        {
          "stepBegin": 166,
          "position": {
            "x": -0.4249999999999998,
            "y": 0.25,
            "z": -0.2749999999999999
          }
        },
        {
          "stepBegin": 167,
          "position": {
            "x": -0.32499999999999973,
            "y": 0.25,
            "z": -0.2749999999999999
          }
        },
        {
          "stepBegin": 168,
          "position": {
            "x": -0.2250000000000001,
            "y": 0.25,
            "z": -0.2999999999999998
          }
        },
        {
          "stepBegin": 169,
          "position": {
            "x": -0.125,
            "y": 0.25,
            "z": -0.2999999999999998
          }
        },
        {
          "stepBegin": 170,
          "position": {
            "x": -0.02499999999999991,
            "y": 0.25,
            "z": -0.2999999999999998
          }
        },
        {
          "stepBegin": 171,
          "position": {
            "x": 0.07500000000000018,
            "y": 0.25,
            "z": -0.2999999999999998
          }
        },
        {
          "stepBegin": 176,
          "position": {
            "x": -1.5499999999999998,
            "y": 0.25,
            "z": -0.2250000000000001
          }
        },
        {
          "stepBegin": 179,
          "position": {
            "x": -1.5499999999999998,
            "y": 0.25,
            "z": -0.19999999999999973
          }
        },
        {
          "stepBegin": 180,
          "position": {
            "x": -1.5,
            "y": 0.25,
            "z": -0.09999999999999964
          }
        },
        {
          "stepBegin": 181,
          "position": {
            "x": -1.4749999999999999,
            "y": 0.25,
            "z": 0.0
          }
        },
        {
          "stepBegin": 182,
          "position": {
            "x": -1.45,
            "y": 0.25,
            "z": 0.10000000000000009
          }
        },
        {
          "stepBegin": 183,
          "position": {
            "x": -1.4,
            "y": 0.25,
            "z": 0.20000000000000018
          }
        },
        {
          "stepBegin": 184,
          "position": {
            "x": -1.375,
            "y": 0.25,
            "z": 0.30000000000000027
          }
        },
        {
          "stepBegin": 185,
          "position": {
            "x": -1.3499999999999999,
            "y": 0.25,
            "z": 0.40000000000000036
          }
        },
        {
          "stepBegin": 186,
          "position": {
            "x": -1.325,
            "y": 0.25,
            "z": 0.5
          }
        },
        {
          "stepBegin": 187,
          "position": {
            "x": -1.275,
            "y": 0.25,
            "z": 0.6000000000000001
          }
        },
        {
          "stepBegin": 188,
          "position": {
            "x": -1.25,
            "y": 0.25,
            "z": 0.7000000000000002
          }
        },
        {
          "stepBegin": 189,
          "position": {
            "x": -1.2,
            "y": 0.25,
            "z": 0.75
          }
        },
        {
          "stepBegin": 190,
          "position": {
            "x": -1.0999999999999999,
            "y": 0.25,
            "z": 0.75
          }
        },
        {
          "stepBegin": 191,
          "position": {
            "x": -1.0,
            "y": 0.25,
            "z": 0.75
          }
        },
        {
          "stepBegin": 192,
          "position": {
            "x": -0.8999999999999999,
            "y": 0.25,
            "z": 0.75
          }
        },
        {
          "stepBegin": 193,
          "position": {
            "x": -0.7999999999999998,
            "y": 0.25,
            "z": 0.75
          }
        },
        {
          "stepBegin": 194,
          "position": {
            "x": -0.7,
            "y": 0.25,
            "z": 0.7750000000000004
          }
        },
        {
          "stepBegin": 195,
          "position": {
            "x": -0.6499999999999999,
            "y": 0.25,
            "z": 0.7750000000000004
          }
        }
      ]
    },
    {
      "id": "home",
      "type": "cube",
      "materials": ["Custom/Materials/Magenta"],
      "shows": [
        {
          "stepBegin": 0,
          "position": {
            "x": -1.5499999999999998,
            "y": 0.000625,
            "z": -0.2250000000000001
          },
          "scale": {
            "x": 0.5,
            "y": 0.00125,
            "z": 0.5
          }
        }
      ],
      "kinematic": true,
      "structure": true
    },
    {
      "id": "sphere",
      "type": "sphere",
      "materials": ["Custom/Materials/Lime"],
      "shows": [
        {
          "stepBegin": 0,
          "position": {
            "x": -0.19999999999999973,
            "y": 0.125,
            "z": -0.825
          },
          "scale": {
            "x": 0.25,
            "y": 0.25,
            "z": 0.25
          }
        },
        {
          "stepBegin": 18,
          "position": {
            "x": -0.02499999999999991,
            "y": 0.125,
            "z": -0.7249999999999999
          }
        },
        {
          "stepBegin": 38,
          "position": {
            "x": 0.30000000000000027,
            "y": 0.125,
            "z": -0.8499999999999999
          }
        },
        {
          "stepBegin": 61,
          "position": {
            "x": 0.4750000000000001,
            "y": 0.125,
            "z": -0.9249999999999998
          }
        },
        {
          "stepBegin": 86,
          "position": {
            "x": -0.19999999999999973,
            "y": 0.125,
            "z": -0.9249999999999998
          }
        },
        {
          "stepBegin": 104,
          "position": {
            "x": 0.5750000000000002,
            "y": 0.125,
            "z": -0.7249999999999999
          }
        },
        {
          "stepBegin": 130,
          "position": {
            "x": -0.2250000000000001,
            "y": 0.125,
            "z": -1.2249999999999999
          }
        },
        {
          "stepBegin": 152,
          "position": {
            "x": 0.42500000000000027,
            "y": 0.125,
            "z": -0.32499999999999973
          }
        },
        {
          "stepBegin": 176,
          "position": {
            "x": -0.375,
            "y": 0.125,
            "z": 0.7750000000000004
          }
        }
      ]
    },
    {
      "id": "cube",
      "type": "cube",
      "materials": ["Custom/Materials/Navy"],
      "shows": [
        {
          "stepBegin": 0,
          "position": {
            "x": -0.375,
            "y": 0.125,
            "z": 0.7750000000000004
          },
          "scale": {
            "x": 0.25,
            "y": 0.25,
            "z": 0.25
          }
        },
        {
          "stepBegin": 18,
          "position": {
            "x": -0.8499999999999999,
            "y": 0.125,
            "z": 1.6749999999999998
          }
        },
        {
          "stepBegin": 38,
          "position": {
            "x": -0.5999999999999999,
            "y": 0.125,
            "z": 1.0500000000000003
          }
        },
        {
          "stepBegin": 61,
          "position": {
            "x": -0.7249999999999999,
            "y": 0.125,
            "z": 1.4250000000000003
          }
        },
        {
          "stepBegin": 86,
          "position": {
            "x": -1.325,
            "y": 0.125,
            "z": 0.75
          }
        },
        {
          "stepBegin": 104,
          "position": {
            "x": -0.4750000000000001,
            "y": 0.125,
            "z": 1.375
          }
        },
        {
          "stepBegin": 130,
          "position": {
            "x": -0.5,
            "y": 0.125,
            "z": 1.7250000000000005
          }
        },
        {
          "stepBegin": 152,
          "position": {
            "x": -1.2,
            "y": 0.125,
            "z": 1.0750000000000002
          }
        },
        {
          "stepBegin": 176,
          "position": {
            "x": -0.19999999999999973,
            "y": 0.125,
            "z": -0.825
          }
        }
      ]
    },
    {
      "id": "wall_6bb3002a-5517-4daa-afd6-8f66c2511051",
      "type": "cube",
      "materials": ["Custom/Materials/Black"],
      "shows": [
        {
          "stepBegin": 0,
          "position": {
            "x": -0.75,
            "y": 0.0625,
            "z": 0.25
          },
          "scale": {
            "x": 0.5,
            "y": 0.125,
            "z": 0.5
          }
        }
      ],
      "kinematic": true,
      "structure": true
    },
    {
      "id": "wall_fcba4e2f-81ee-4ee7-a85c-cfe3f021c819",
      "type": "cube",
      "materials": ["Custom/Materials/Black"],
      "shows": [
        {
          "stepBegin": 0,
          "position": {
            "x": -0.75,
            "y": 0.0625,
            "z": -1.25
          },
          "scale": {
            "x": 0.5,
            "y": 0.125,
            "z": 0.5
          }
        }
      ],
      "kinematic": true,
      "structure": true
    },
    {
      "id": "wall_4d017086-498c-4e90-b1e5-fff351fb6edd",
      "type": "cube",
      "materials": ["Custom/Materials/Black"],
      "shows": [
        {
          "stepBegin": 0,
          "position": {
            "x": 0.25,
            "y": 0.0625,
            "z": 1.25
          },
          "scale": {
            "x": 0.5,
            "y": 0.125,
            "z": 0.5
          }
        }
      ],
      "kinematic": true,
      "structure": true
    },
    {
      "id": "wall_c38275de-0da4-4e1e-9c38-c2c4e0c90c8a",
      "type": "cube",
      "materials": ["Custom/Materials/Black"],
      "shows": [
        {
          "stepBegin": 0,
          "position": {
            "x": 1.75,
            "y": 0.0625,
            "z": -1.25
          },
          "scale": {
            "x": 0.5,
            "y": 0.125,
            "z": 0.5
          }
        }
      ],
      "kinematic": true,
      "structure": true
    },
    {
      "id": "wall_2f579a61-bd38-47cf-9d80-a2e278ebed44",
      "type": "cube",
      "materials": ["Custom/Materials/Black"],
      "shows": [
        {
          "stepBegin": 0,
          "position": {
            "x": 0.25,
            "y": 0.0625,
            "z": -1.75
          },
          "scale": {
            "x": 0.5,
            "y": 0.125,
            "z": 0.5
          }
        }
      ],
      "kinematic": true,
      "structure": true
    },
    {
      "id": "wall_76eab386-3503-433a-ac3a-89059c707dad",
      "type": "cube",
      "materials": ["Custom/Materials/Black"],
      "shows": [
        {
          "stepBegin": 0,
          "position": {
            "x": 1.75,
            "y": 0.0625,
            "z": 1.75
          },
          "scale": {
            "x": 0.5,
            "y": 0.125,
            "z": 0.5
          }
        }
      ],
      "kinematic": true,
      "structure": true
    },
    {
      "id": "wall_b2a2a47f-50cb-4ca8-beec-9b7e49ea0954",
      "type": "cube",
      "materials": ["Custom/Materials/Black"],
      "shows": [
        {
          "stepBegin": 0,
          "position": {
            "x": 0.25,
            "y": 0.0625,
            "z": 0.75
          },
          "scale": {
            "x": 0.5,
            "y": 0.125,
            "z": 0.5
          }
        }
      ],
      "kinematic": true,
      "structure": true
    },
    {
      "id": "wall_40185508-4df7-4e46-b414-ac2111c3d4dd",
      "type": "cube",
      "materials": ["Custom/Materials/Black"],
      "shows": [
        {
          "stepBegin": 0,
          "position": {
            "x": 0.25,
            "y": 0.0625,
            "z": 0.25
          },
          "scale": {
            "x": 0.5,
            "y": 0.125,
            "z": 0.5
          }
        }
      ],
      "kinematic": true,
      "structure": true
    }
  ],
  "goal": {
    "category": "agents",
    "description": "",
    "metadata": {
      "choose": [
        "expected",
        "unexpected"
      ]
    },
    "action_list": [["Pass"],["Pass"],["Pass"],["Pass"],["Pass"],["Pass"],["Pass"],["Pass"],["Pass"],["Pass"],["Pass"],["Pass"],["Pass"],["Pass"],["Pass"],["Pass"],["Pass"],["EndHabituation"],["Pass"],["Pass"],["Pass"],["Pass"],["Pass"],["Pass"],["Pass"],["Pass"],["Pass"],["Pass"],["Pass"],["Pass"],["Pass"],["Pass"],["Pass"],["Pass"],["Pass"],["Pass"],["Pass"],["EndHabituation"],["Pass"],["Pass"],["Pass"],["Pass"],["Pass"],["Pass"],["Pass"],["Pass"],["Pass"],["Pass"],["Pass"],["Pass"],["Pass"],["Pass"],["Pass"],["Pass"],["Pass"],["Pass"],["Pass"],["Pass"],["Pass"],["Pass"],["EndHabituation"],["Pass"],["Pass"],["Pass"],["Pass"],["Pass"],["Pass"],["Pass"],["Pass"],["Pass"],["Pass"],["Pass"],["Pass"],["Pass"],["Pass"],["Pass"],["Pass"],["Pass"],["Pass"],["Pass"],["Pass"],["Pass"],["Pass"],["Pass"],["Pass"],["EndHabituation"],["Pass"],["Pass"],["Pass"],["Pass"],["Pass"],["Pass"],["Pass"],["Pass"],["Pass"],["Pass"],["Pass"],["Pass"],["Pass"],["Pass"],["Pass"],["Pass"],["Pass"],["EndHabituation"],["Pass"],["Pass"],["Pass"],["Pass"],["Pass"],["Pass"],["Pass"],["Pass"],["Pass"],["Pass"],["Pass"],["Pass"],["Pass"],["Pass"],["Pass"],["Pass"],["Pass"],["Pass"],["Pass"],["Pass"],["Pass"],["Pass"],["Pass"],["Pass"],["Pass"],["EndHabituation"],["Pass"],["Pass"],["Pass"],["Pass"],["Pass"],["Pass"],["Pass"],["Pass"],["Pass"],["Pass"],["Pass"],["Pass"],["Pass"],["Pass"],["Pass"],["Pass"],["Pass"],["Pass"],["Pass"],["Pass"],["Pass"],["EndHabituation"],["Pass"],["Pass"],["Pass"],["Pass"],["Pass"],["Pass"],["Pass"],["Pass"],["Pass"],["Pass"],["Pass"],["Pass"],["Pass"],["Pass"],["Pass"],["Pass"],["Pass"],["Pass"],["Pass"],["Pass"],["Pass"],["Pass"],["Pass"],["EndHabituation"],["Pass"],["Pass"],["Pass"],["Pass"],["Pass"],["Pass"],["Pass"],["Pass"],["Pass"],["Pass"],["Pass"],["Pass"],["Pass"],["Pass"],["Pass"],["Pass"],["Pass"],["Pass"],["Pass"],["Pass"],["Pass"],["Pass"]],
    "habituation_total": 8,
    "last_step": 198
  }
}
